------------------------------------------------------------
TimeQuest Timing Analyzer Summary
------------------------------------------------------------

Type  : Slow 1100mV 85C Model Setup 'VGA_CLK~reg0'
Slack : -11.247
TNS   : -622.488

Type  : Slow 1100mV 85C Model Setup 'CLOCK_50'
Slack : -2.766
TNS   : -2.766

Type  : Slow 1100mV 85C Model Hold 'VGA_CLK~reg0'
Slack : 0.279
TNS   : 0.000

Type  : Slow 1100mV 85C Model Hold 'CLOCK_50'
Slack : 1.079
TNS   : 0.000

Type  : Slow 1100mV 85C Model Minimum Pulse Width 'CLOCK_50'
Slack : -0.403
TNS   : -0.797

Type  : Slow 1100mV 85C Model Minimum Pulse Width 'VGA_CLK~reg0'
Slack : -0.394
TNS   : -72.216

Type  : Slow 1100mV 0C Model Setup 'VGA_CLK~reg0'
Slack : -11.570
TNS   : -609.531

Type  : Slow 1100mV 0C Model Setup 'CLOCK_50'
Slack : -2.651
TNS   : -2.651

Type  : Slow 1100mV 0C Model Hold 'VGA_CLK~reg0'
Slack : 0.281
TNS   : 0.000

Type  : Slow 1100mV 0C Model Hold 'CLOCK_50'
Slack : 1.048
TNS   : 0.000

Type  : Slow 1100mV 0C Model Minimum Pulse Width 'CLOCK_50'
Slack : -0.420
TNS   : -0.814

Type  : Slow 1100mV 0C Model Minimum Pulse Width 'VGA_CLK~reg0'
Slack : -0.394
TNS   : -70.681

Type  : Fast 1100mV 85C Model Setup 'VGA_CLK~reg0'
Slack : -5.689
TNS   : -329.447

Type  : Fast 1100mV 85C Model Setup 'CLOCK_50'
Slack : -2.112
TNS   : -2.112

Type  : Fast 1100mV 85C Model Hold 'VGA_CLK~reg0'
Slack : 0.090
TNS   : 0.000

Type  : Fast 1100mV 85C Model Hold 'CLOCK_50'
Slack : 1.027
TNS   : 0.000

Type  : Fast 1100mV 85C Model Minimum Pulse Width 'CLOCK_50'
Slack : -0.407
TNS   : -0.463

Type  : Fast 1100mV 85C Model Minimum Pulse Width 'VGA_CLK~reg0'
Slack : 0.018
TNS   : 0.000

Type  : Fast 1100mV 0C Model Setup 'VGA_CLK~reg0'
Slack : -5.331
TNS   : -291.868

Type  : Fast 1100mV 0C Model Setup 'CLOCK_50'
Slack : -1.769
TNS   : -1.769

Type  : Fast 1100mV 0C Model Hold 'VGA_CLK~reg0'
Slack : 0.078
TNS   : 0.000

Type  : Fast 1100mV 0C Model Hold 'CLOCK_50'
Slack : 0.774
TNS   : 0.000

Type  : Fast 1100mV 0C Model Minimum Pulse Width 'CLOCK_50'
Slack : -0.419
TNS   : -0.496

Type  : Fast 1100mV 0C Model Minimum Pulse Width 'VGA_CLK~reg0'
Slack : 0.057
TNS   : 0.000

------------------------------------------------------------
